// Jest Snapshot v1, https://goo.gl/fbAQLP

exports[`getFilmById should get a film 1`] = `
Object {
  "length": "2h 15min",
  "rating": "R",
  "summary": "In the summer of 1989, a group of bullied kids band together to destroy a shape-shifting monster, which disguises itself as a clown and preys on the children of Derry, their small Maine town... Read all",
  "title": "It",
  "year": 2017,
}
`;
